// Jest Snapshot v1, https://goo.gl/fbAQLP

exports[`DatePicker matches snapshot 1`] = `
<DocumentFragment>
  <button
    class="MuiButtonBase-root MuiIconButton-root MuiIconButton-sizeLarge css-6e5sd5-MuiButtonBase-root-MuiIconButton-root"
    tabindex="0"
    type="button"
  >
    <p
      class="MuiTypography-root MuiTypography-body1 css-180vd1-MuiTypography-root"
    >
      Tarih
    </p>
    <svg
      aria-hidden="true"
      class="MuiSvgIcon-root MuiSvgIcon-fontSizeLarge css-uks7c6-MuiSvgIcon-root"
      data-testid="CalendarMonthIcon"
      focusable="false"
      viewBox="0 0 24 24"
    >
      <path
        d="M19 4h-1V2h-2v2H8V2H6v2H5c-1.11 0-1.99.9-1.99 2L3 20c0 1.1.89 2 2 2h14c1.1 0 2-.9 2-2V6c0-1.1-.9-2-2-2m0 16H5V10h14zM9 14H7v-2h2zm4 0h-2v-2h2zm4 0h-2v-2h2zm-8 4H7v-2h2zm4 0h-2v-2h2zm4 0h-2v-2h2z"
      />
    </svg>
  </button>
</DocumentFragment>
`;
