// Jest Snapshot v1, https://goo.gl/fbAQLP

exports[`Duration matches snapshot 1`] = `
<DocumentFragment>
  <div
    class="MuiBox-root css-1n8brx5"
  >
    <p
      class="MuiTypography-root MuiTypography-body1 MuiTypography-noWrap css-o6dx9f-MuiTypography-root"
    >
      Uçuş Süresi
    </p>
    <p
      class="MuiTypography-root MuiTypography-body1 css-izap9d-MuiTypography-root"
    >
      2h 30m
    </p>
  </div>
</DocumentFragment>
`;
