// Jest Snapshot v1, https://goo.gl/fbAQLP

exports[`FlightsHeader matches snapshot 1`] = `
<DocumentFragment>
  <div
    class="MuiBox-root css-no3zdf"
  >
    <p
      class="MuiTypography-root MuiTypography-body1 css-16wbw0l-MuiTypography-root"
    >
      Sıralama Kriteri
    </p>
    <button
      class="MuiButtonBase-root MuiButton-root MuiButton-contained MuiButton-containedPrimary MuiButton-sizeMedium MuiButton-containedSizeMedium MuiButton-colorPrimary MuiButton-root MuiButton-contained MuiButton-containedPrimary MuiButton-sizeMedium MuiButton-containedSizeMedium MuiButton-colorPrimary css-1tci135-MuiButtonBase-root-MuiButton-root"
      tabindex="0"
      type="button"
    >
      Ekonomi Ücreti
      <svg
        aria-hidden="true"
        class="MuiSvgIcon-root MuiSvgIcon-fontSizeMedium css-1umw9bq-MuiSvgIcon-root"
        data-testid="ArrowUpwardIcon"
        focusable="false"
        viewBox="0 0 24 24"
      >
        <path
          d="m4 12 1.41 1.41L11 7.83V20h2V7.83l5.58 5.59L20 12l-8-8z"
        />
      </svg>
    </button>
    <button
      class="MuiButtonBase-root MuiButton-root MuiButton-contained MuiButton-containedPrimary MuiButton-sizeMedium MuiButton-containedSizeMedium MuiButton-colorPrimary MuiButton-root MuiButton-contained MuiButton-containedPrimary MuiButton-sizeMedium MuiButton-containedSizeMedium MuiButton-colorPrimary css-rdfrdn-MuiButtonBase-root-MuiButton-root"
      tabindex="0"
      type="button"
    >
      Kalkış Saati
    </button>
  </div>
</DocumentFragment>
`;
